<?xml version="1.0" encoding="UTF-8"?>
<testsuites name="jest tests" tests="7" failures="1" errors="0" time="0.284">
  <testsuite name="buildModelFileContent" errors="0" failures="1" skipped="0" timestamp="2026-07-28T05:49:13" time="0.231" tests="7">
    <testcase classname="buildModelFileContent produces PICT&apos;s expected model file syntax" name="buildModelFileContent produces PICT&apos;s expected model file syntax" time="0.001">
    </testcase>
    <testcase classname="parsePictOutput parses real PICT tab-separated output correctly" name="parsePictOutput parses real PICT tab-separated output correctly" time="0.001">
    </testcase>
    <testcase classname="parsePictOutput returns an empty array for output with only a header row" name="parsePictOutput returns an empty array for output with only a header row" time="0">
    </testcase>
    <testcase classname="pictBinaryPath points at an actual file that exists on disk for this platform" name="pictBinaryPath points at an actual file that exists on disk for this platform" time="0">
    </testcase>
    <testcase classname="generateWithRealPict - actually invokes the real binary real binary&apos;s output covers every required pair - independently re-verified" name="generateWithRealPict - actually invokes the real binary real binary&apos;s output covers every required pair - independently re-verified" time="0.022">
      <failure>Error: expect(received).toEqual(expected) // deep equality

- Expected  -  1
+ Received  + 38

- Array []
+ Array [
+   &quot;QueryMechanism=sql|Table=customers&quot;,
+   &quot;CacheSchedule=none|QueryMechanism=sql&quot;,
+   &quot;QueryFormat=CELL_TYPED|QueryMechanism=sql&quot;,
+   &quot;QueryMechanism=builder|Table=customers&quot;,
+   &quot;CacheSchedule=none|QueryMechanism=builder&quot;,
+   &quot;QueryFormat=CELL_TYPED|QueryMechanism=builder&quot;,
+   &quot;QueryMechanism=byId|Table=customers&quot;,
+   &quot;CacheSchedule=none|QueryMechanism=byId&quot;,
+   &quot;QueryFormat=CELL_TYPED|QueryMechanism=byId&quot;,
+   &quot;QueryFormat=SIMPLE|QueryMechanism=sql&quot;,
+   &quot;QueryFormat=SIMPLE|QueryMechanism=builder&quot;,
+   &quot;QueryFormat=SIMPLE|QueryMechanism=byId&quot;,
+   &quot;QueryFormat=COMPACT|QueryMechanism=sql&quot;,
+   &quot;QueryFormat=COMPACT|QueryMechanism=builder&quot;,
+   &quot;QueryFormat=COMPACT|QueryMechanism=byId&quot;,
+   &quot;CacheSchedule=incremental|QueryMechanism=sql&quot;,
+   &quot;CacheSchedule=incremental|QueryMechanism=builder&quot;,
+   &quot;CacheSchedule=incremental|QueryMechanism=byId&quot;,
+   &quot;CacheSchedule=fullRefresh|QueryMechanism=sql&quot;,
+   &quot;CacheSchedule=fullRefresh|QueryMechanism=builder&quot;,
+   &quot;CacheSchedule=fullRefresh|QueryMechanism=byId&quot;,
+   &quot;QueryMechanism=sql|Table=charges&quot;,
+   &quot;QueryMechanism=builder|Table=charges&quot;,
+   &quot;QueryMechanism=byId|Table=charges&quot;,
+   &quot;QueryMechanism=sql|Table=subscriptions&quot;,
+   &quot;QueryMechanism=builder|Table=subscriptions&quot;,
+   &quot;QueryMechanism=byId|Table=subscriptions&quot;,
+   &quot;QueryMechanism=sql|Table=invoices&quot;,
+   &quot;QueryMechanism=builder|Table=invoices&quot;,
+   &quot;QueryMechanism=byId|Table=invoices&quot;,
+   &quot;QueryMechanism=sql|Table=promotion_codes&quot;,
+   &quot;QueryMechanism=builder|Table=promotion_codes&quot;,
+   &quot;QueryMechanism=byId|Table=promotion_codes&quot;,
+   &quot;QueryMechanism=sql|Table=refunds&quot;,
+   &quot;QueryMechanism=builder|Table=refunds&quot;,
+   &quot;QueryMechanism=byId|Table=refunds&quot;,
+ ]
    at Object.toEqual (C:\Users\erdem\Desktop\Jest test\jest\unit\pictWrapper.test.js:101:21)
    at Promise.finally.completed (C:\Users\erdem\Desktop\Jest test\node_modules\jest-circus\build\jestAdapterInit.js:1561:28)
    at new Promise (&lt;anonymous&gt;)
    at callAsyncCircusFn (C:\Users\erdem\Desktop\Jest test\node_modules\jest-circus\build\jestAdapterInit.js:1501:10)
    at _callCircusTest (C:\Users\erdem\Desktop\Jest test\node_modules\jest-circus\build\jestAdapterInit.js:1011:40)
    at _runTest (C:\Users\erdem\Desktop\Jest test\node_modules\jest-circus\build\jestAdapterInit.js:951:3)
    at C:\Users\erdem\Desktop\Jest test\node_modules\jest-circus\build\jestAdapterInit.js:853:7
    at _runTestsForDescribeBlock (C:\Users\erdem\Desktop\Jest test\node_modules\jest-circus\build\jestAdapterInit.js:866:11)
    at _runTestsForDescribeBlock (C:\Users\erdem\Desktop\Jest test\node_modules\jest-circus\build\jestAdapterInit.js:861:11)
    at run (C:\Users\erdem\Desktop\Jest test\node_modules\jest-circus\build\jestAdapterInit.js:765:3)
    at runAndTransformResultsToJestFormat (C:\Users\erdem\Desktop\Jest test\node_modules\jest-circus\build\jestAdapterInit.js:1993:21)
    at jestAdapter (C:\Users\erdem\Desktop\Jest test\node_modules\jest-circus\build\runner.js:111:19)
    at runTestInternal (C:\Users\erdem\Desktop\Jest test\node_modules\jest-runner\build\index.js:276:16)
    at runTest (C:\Users\erdem\Desktop\Jest test\node_modules\jest-runner\build\index.js:344:7)</failure>
    </testcase>
    <testcase classname="generateWithRealPict - actually invokes the real binary real binary produces a meaningfully smaller set than full combinatorial (162)" name="generateWithRealPict - actually invokes the real binary real binary produces a meaningfully smaller set than full combinatorial (162)" time="0.024">
    </testcase>
    <testcase classname="generateWithRealPict - actually invokes the real binary cleans up its temp model file after running (no leftovers)" name="generateWithRealPict - actually invokes the real binary cleans up its temp model file after running (no leftovers)" time="0.024">
    </testcase>
  </testsuite>
</testsuites>